[msp2.pages.dev/index.html]
[backblue.gif]
[fade.gif]
[index.html]
[msp2.pages.dev/_next/static/css/c002ee0b1d6f2696.css]
[msp2.pages.dev/_next/static/chunks/polyfills-42372ed130431b0a.js]
[msp2.pages.dev/_next/static/chunks/webpack-0c13147e3c76db3c.js]
[msp2.pages.dev/_next/static/chunks/framework-354627ed48ddd87a.js]
[msp2.pages.dev/_next/static/chunks/main-6e068ef30ab524b4.js]
[msp2.pages.dev/_next/static/chunks/pages/_app-67a50d9496220a55.js]
[msp2.pages.dev/_next/static/chunks/c16184b3-a2e47c683e3e65d6.js]
[msp2.pages.dev/_next/static/chunks/2cca2479-b83bda4d00fe4acf.js]
[msp2.pages.dev/_next/static/chunks/fec483df-a514376dc6e42acc.js]
[msp2.pages.dev/_next/static/chunks/160-7462ef95d57026b6.js]
[msp2.pages.dev/_next/static/chunks/pages/index-ce71a95f93057669.js]
[msp2.pages.dev/_next/static/xyToSkQNW_Q4fOBWRioXU/_buildManifest.js]
[msp2.pages.dev/_next/static/xyToSkQNW_Q4fOBWRioXU/_ssgManifest.js]
[flagicons.lipis.dev/flags/4x3/tr.svg]
[discord.com/invite/g5DZVS2AJs.html]
[msp2.pages.dev/index.html]
[msp2.pages.dev/_next/static/css/c002ee0b1d6f2696.css]
[flagicons.lipis.dev/flags/4x3/tr.svg]
[static.cloudflareinsights.com/beacon.min.js]
[discord.com/invite/g5DZVS2AJs1950.html]
[discord.com/invite/g5DZVS2AJse20a.html]
[discord.com/invite/g5DZVS2AJsc494.html]
[discord.com/invite/g5DZVS2AJs6116.html]
[discord.com/invite/g5DZVS2AJse9a0.html]
[discord.com/invite/g5DZVS2AJs8cdc.html]
[discord.com/invite/g5DZVS2AJs1519.html]
[discord.com/invite/g5DZVS2AJs103e.html]
[discord.com/invite/g5DZVS2AJs48fa.html]
[discord.com/invite/g5DZVS2AJs1d65.html]
[discord.com/invite/g5DZVS2AJs43cf.html]
[discord.com/invite/g5DZVS2AJs356b.html]
[discord.com/invite/g5DZVS2AJs73fe.html]
[discord.com/invite/g5DZVS2AJs4c33.html]
[discord.com/invite/g5DZVS2AJs75fc.html]
[discord.com/invite/g5DZVS2AJsa07a.html]
[discord.com/invite/g5DZVS2AJsaaaa.html]
[discord.com/invite/g5DZVS2AJsaceb.html]
[discord.com/invite/g5DZVS2AJs0d31.html]
[discord.com/invite/g5DZVS2AJs5cfe.html]
[discord.com/invite/g5DZVS2AJsd6dc.html]
[discord.com/invite/g5DZVS2AJsd020.html]
[discord.com/invite/g5DZVS2AJsaf37.html]
[discord.com/invite/g5DZVS2AJs85fb.html]
[discord.com/invite/g5DZVS2AJs799a.html]
[discord.com/invite/g5DZVS2AJs89a5.html]
[discord.com/invite/g5DZVS2AJsc4f7.html]
[discord.com/invite/g5DZVS2AJs92d6.html]
[discord.com/invite/g5DZVS2AJsa433.html]
[discord.com/invite/g5DZVS2AJs2362.html]
[discord.com/invite/g5DZVS2AJsc895.html]
[discord.com/invite/g5DZVS2AJsf9ce.html]
[discord.com/assets/69646.29f24f77c0328df5.css]
[discord.com/assets/sentry.864a14f4d89da2d8.js]
[discord.com/assets/webMinimal.f33096c811c7a147.js]
[discord.com/invite/g5DZVS2AJs.html]
[discord.com/invite/g5DZVS2AJs1950.html]
[discord.com/invite/g5DZVS2AJse20a.html]
[discord.com/invite/g5DZVS2AJsc494.html]
[discord.com/invite/g5DZVS2AJs6116.html]
[discord.com/invite/g5DZVS2AJse9a0.html]
[discord.com/invite/g5DZVS2AJs8cdc.html]
[discord.com/invite/g5DZVS2AJs1519.html]
[discord.com/invite/g5DZVS2AJs103e.html]
[discord.com/invite/g5DZVS2AJs48fa.html]
[discord.com/invite/g5DZVS2AJs1d65.html]
[discord.com/invite/g5DZVS2AJs43cf.html]
[discord.com/invite/g5DZVS2AJs356b.html]
[discord.com/invite/g5DZVS2AJs73fe.html]
[discord.com/invite/g5DZVS2AJs4c33.html]
[discord.com/invite/g5DZVS2AJs75fc.html]
[discord.com/invite/g5DZVS2AJsa07a.html]
[discord.com/invite/g5DZVS2AJsaaaa.html]
[discord.com/invite/g5DZVS2AJsaceb.html]
[discord.com/invite/g5DZVS2AJs0d31.html]
[discord.com/invite/g5DZVS2AJs5cfe.html]
[discord.com/cdn-cgi/challenge-platform/h/b/scripts/jsd/580ba44007a6/maind41d.js]
[cdn.discordapp.com/assets/og_img_discord_home.png]
[discord.com/invite/g5DZVS2AJsd6dc.html]
[discord.com/invite/g5DZVS2AJsd020.html]
[discord.com/invite/g5DZVS2AJsaf37.html]
[discord.com/invite/g5DZVS2AJs85fb.html]
[discord.com/invite/g5DZVS2AJs799a.html]
[discord.com/invite/g5DZVS2AJs89a5.html]
[discord.com/invite/g5DZVS2AJsc4f7.html]
[discord.com/invite/g5DZVS2AJs92d6.html]
[discord.com/invite/g5DZVS2AJsa433.html]
[discord.com/invite/g5DZVS2AJs2362.html]
[discord.com/invite/g5DZVS2AJsc895.html]
[discord.com/invite/g5DZVS2AJsf9ce.html]
[discord.com/invite/g5DZVS2AJsf24f.html]
[discord.com/invite/g5DZVS2AJs3d02.html]
[discord.com/assets/f7d0845b63d81c46.svg]
[discord.com/assets/a46a54146b77fab4.svg]
[discord.com/assets/bbbc3d376d38e7bc.svg]
[discord.com/assets/34120ace1e4e4d29.svg]
[discord.com/assets/9811b405dc8e999f.svg]
[discord.com/assets/a6db1d05d35f13d0.svg]
[discord.com/assets/eae6388e2d5a721a.svg]
[discord.com/assets/1f9b76e0279b91a4.svg]
[discord.com/assets/5f5e47f0133f9ee5.svg]
[discord.com/assets/383e4e1569554a59.svg]
[discord.com/assets/ea2ad3ad1bfd2975.svg]
[discord.com/assets/32b48278e7e6c908.svg]
[discord.com/assets/9ebe3ef63aafee84.svg]
[discord.com/assets/5dea307a4037ec4e.svg]
[discord.com/assets/f4bad77442422ded.svg]
[discord.com/assets/98178bd2173d947a.svg]
[discord.com/assets/a42338c030af6d9c.svg]
[discord.com/assets/88b289225ff6142a.svg]
[discord.com/assets/c9f0992f0ab98d49.svg]
[discord.com/assets/93636da24d7ab467.svg]
[discord.com/assets/f89b66e97ea52ba7.svg]
[discord.com/assets/1084490cf680dd7c.svg]
[discord.com/assets/b8ca4488a6d443bc.svg]
[discord.com/assets/6e688b0c124e0ca8.svg]
[discord.com/assets/94660b205108a49f.svg]
[discord.com/assets/9a898919395a3f13.svg]
[discord.com/assets/a105cf85c9c42968.svg]
[discord.com/assets/72e4439bf318b5c5.svg]
[discord.com/assets/2a563d3b06091b16.svg]
[discord.com/assets/ed7b8a00de132314.svg]
[discord.com/assets/4b212c35992a1e02.png]
[discord.com/assets/2dfc4736f9e305f0.png]
[discord.com/assets/da0a112876e6636e.svg]
[discord.com/assets/3b11031474fb64a0.svg]
[discord.com/assets/6ad5446be34bb27a.svg]
[discord.com/assets/34378a8df8efb149.svg]
[discord.com/assets/9423b541a1c3dfef.svg]
[discord.com/assets/00f1d64f0e8c77b3.svg]
[discord.com/assets/083b1bde1c6b39a3.svg]
[discord.com/assets/ae4a4071a85dcaa6.svg]
[discord.com/assets/22f7eeb9ea9904c1.svg]
[discord.com/assets/fea1d83d02c90c67.svg]
[discord.com/assets/4c049942fdde71f8.svg]
[discord.com/assets/e415725e0e3a87fb.svg]
[discord.com/assets/9a5413553cab204a.svg]
[discord.com/assets/ba865ff6773d1876.svg]
[discord.com/assets/0b87743361cfb797.svg]
[discord.com/assets/a500e0b04a325513.svg]
[discord.com/assets/04e197da860c981f.svg]
[discord.com/assets/eb22e43f6f710d3b.svg]
[discord.com/assets/3d961164938e62d7.svg]
[discord.com/assets/fcb798c4bf712284.svg]
[discord.com/assets/0b47f9360f12b1fa.svg]
[discord.com/assets/7e5579c4c73ca390.svg]
[discord.com/assets/224f56365db6763e.svg]
[discord.com/assets/0dbebb1dde8de002.svg]
[discord.com/assets/9bb2cc8906a18ba2.svg]
[discord.com/assets/2a5fa2783cb39764.svg]
[discord.com/assets/637bf6beddb5589b.svg]
[discord.com/assets/ce90dd2b5978b623.svg]
[discord.com/assets/3f80791089be55d4.svg]
[discord.com/assets/160f818e8dc66a17.svg]
[discord.com/assets/3de97fb87787f20b.svg]
[discord.com/assets/824341c879ac6d59.svg]
[discord.com/assets/24de41d4bd8ef584.svg]
[discord.com/assets/1566a4fd747aba18.svg]
[discord.com/assets/e8bf9bea0d018670.svg]
[discord.com/assets/e8efae14b14ee8dd.svg]
[discord.com/assets/dcebba6e03f7a1f8.svg]
[discord.com/assets/3ec57733d5de83bd.svg]
[discord.com/assets/49f0d07c4a5edf19.svg]
[discord.com/assets/886d17f4a179ce9a.svg]
[discord.com/assets/9e62f4a1513dbf78.svg]
[discord.com/assets/2a2717437ecb9409.svg]
[discord.com/assets/61a8baaebf339a2c.svg]
[discord.com/assets/983c3fd5283d32f6.svg]
[discord.com/assets/929007941f982dc3.svg]
[discord.com/assets/2d35b5c00b617a15.svg]
[discord.com/assets/7149accdcaae7d2f.svg]
[discord.com/assets/4ae102bdf144a582.svg]
[discord.com/assets/c58095d35f0201e3.svg]
[discord.com/assets/bb1e18bcf1497322.svg]
[discord.com/assets/e449e7cba36f144c.svg]
[discord.com/assets/75b4bad7b0654bd8.svg]
[discord.com/assets/9f626707af59b089.svg]
[discord.com/assets/3be3e11e2b0d8996.svg]
[discord.com/assets/b596cb9f6ccc2408.svg]
[discord.com/assets/fc8d44ec7c50ab0e.svg]
[discord.com/assets/2ce5f42c5062092f.svg]
[discord.com/assets/3b5c40ec70355fde.svg]
[discord.com/assets/3472374445e1b6b0.svg]
[discord.com/assets/f4a4e394e0c0b9f2.svg]
[discord.com/assets/d1fe91ba5e5f4702.svg]
[discord.com/assets/bb502dc7cfcbbacc.svg]
[discord.com/assets/be68608fe0247064.svg]
[discord.com/assets/1b05b930a77fbff9.png]
[discord.com/assets/decf85f79e02d276.png]
[discord.com/assets/38fe464a6fea7d0e.svg]
[discord.com/assets/bc689a4cf705a445.svg]
[discord.com/assets/6b1a461f35c05c7a.svg]
[discord.com/assets/f66ae7bb8510ab4f.svg]
[discord.com/assets/4ed48b8404cc8dd4.svg]
[discord.com/assets/6410595f71273140.svg]
[discord.com/assets/8fb262894795f907.svg]
[discord.com/assets/b02f7cfc8ed3b51a.svg]
[discord.com/assets/0bf989849f27d0a7.svg]
[discord.com/assets/77e059c86b79040e.svg]
[discord.com/assets/422703837071ae97.svg]
[discord.com/assets/069714e321aa543f.svg]
[discord.com/assets/f9b5479cf5959262.svg]
[discord.com/assets/4ced53d842c0ca67.svg]
[discord.com/assets/097b737553f77c92.woff2]
[discord.com/assets/d7f3d9317a5ff964.woff2]
[discord.com/assets/bb673ee29d9d9269.woff2]
[discord.com/assets/2d538acdbc2eb6b8.woff2]
[discord.com/assets/6897c8395199e044.woff2]
[discord.com/assets/89cc835cf102bf12.woff2]
[discord.com/assets/9e78b20620cb79ff.woff2]
[discord.com/assets/094adef82c637a3c.woff2]
[discord.com/assets/5b3d873665de628f.woff2]
[discord.com/assets/a893ac26791508c7.woff2]
[discord.com/assets/5a4f9cc740b6d92b.woff2]
[discord.com/assets/908064caebce5abe.woff2]
[discord.com/assets/f2d2cc13894d7060.woff2]
[discord.com/assets/bd0f5c73464e9717.woff2]
[discord.com/assets/a47177db4e543b05.woff2]
[discord.com/assets/66d715454104d24e.woff2]
[discord.com/assets/dd24010f3cf7def7.woff2]
[discord.com/assets/b272b33815319bae.woff2]
[discord.com/assets/6a1346ad3821ff3c.woff2]
[discord.com/assets/2df2c3ff74408972.woff2]
[discord.com/assets/d5d789aeb6282532.woff2]
[discord.com/assets/189422196a4f8b53.woff2]
[discord.com/assets/ce3b8055f5114434.woff2]
[discord.com/assets/b2fdbe507d6ce9ef.woff2]
[discord.com/assets/03dcf979852e8b8e.woff2]
[discord.com/assets/249d0a057895c668.woff2]
[discord.com/assets/45efa6936fdfb918.woff2]
[discord.com/assets/f72b5ce64feb2086.woff2]
[discord.com/assets/7a6a566c2e88a35d.woff2]
[discord.com/assets/a4a3d323feb11add.woff2]
[discord.com/assets/1a9d6f15e3bade15.woff2]
[discord.com/assets/36e7b68ea0c05ae7.woff2]
[discord.com/assets/7b652d8bbf885aea.woff2]
[discord.com/assets/cb2006dbced0e246.woff2]
[discord.com/assets/e52f0cba712e2fb4.woff2]
[discord.com/assets/772df2968ca0cf92.woff2]
[discord.com/assets/19797abd0807f76b.woff2]
[discord.com/assets/268aaee6b96a3789.woff2]
[discord.com/assets/c76eb070f0fcec44.woff2]
[discord.com/assets/b598312a5e479904.woff2]
[discord.com/assets/943f151cdf1b637e.woff2]
[discord.com/assets/69646.29f24f77c0328df5.css]
[discord.com/assets/f7d0845b63d81c46.svg]
[discord.com/assets/a46a54146b77fab4.svg]
[discord.com/assets/bbbc3d376d38e7bc.svg]
[discord.com/assets/34120ace1e4e4d29.svg]
[discord.com/assets/9811b405dc8e999f.svg]
[discord.com/assets/a6db1d05d35f13d0.svg]
[discord.com/assets/eae6388e2d5a721a.svg]
[discord.com/assets/1f9b76e0279b91a4.svg]
[discord.com/assets/5f5e47f0133f9ee5.svg]
[discord.com/assets/383e4e1569554a59.svg]
[discord.com/assets/ea2ad3ad1bfd2975.svg]
[discord.com/assets/32b48278e7e6c908.svg]
[discord.com/assets/9ebe3ef63aafee84.svg]
[discord.com/assets/5dea307a4037ec4e.svg]
[discord.com/assets/f4bad77442422ded.svg]
[discord.com/assets/98178bd2173d947a.svg]
[discord.com/assets/a42338c030af6d9c.svg]
[discord.com/assets/88b289225ff6142a.svg]
[discord.com/assets/c9f0992f0ab98d49.svg]
[discord.com/assets/93636da24d7ab467.svg]
[discord.com/assets/f89b66e97ea52ba7.svg]
[discord.com/assets/1084490cf680dd7c.svg]
[discord.com/assets/b8ca4488a6d443bc.svg]
[discord.com/assets/6e688b0c124e0ca8.svg]
[discord.com/assets/94660b205108a49f.svg]
[discord.com/assets/9a898919395a3f13.svg]
[discord.com/assets/a105cf85c9c42968.svg]
[discord.com/assets/72e4439bf318b5c5.svg]
[discord.com/assets/2a563d3b06091b16.svg]
[discord.com/assets/ed7b8a00de132314.svg]
[discord.com/assets/da0a112876e6636e.svg]
[discord.com/assets/3b11031474fb64a0.svg]
[discord.com/assets/6ad5446be34bb27a.svg]
[discord.com/assets/34378a8df8efb149.svg]
[discord.com/assets/9423b541a1c3dfef.svg]
[discord.com/assets/00f1d64f0e8c77b3.svg]
[discord.com/assets/083b1bde1c6b39a3.svg]
[discord.com/assets/ae4a4071a85dcaa6.svg]
[discord.com/assets/22f7eeb9ea9904c1.svg]
[discord.com/assets/fea1d83d02c90c67.svg]
[discord.com/assets/4c049942fdde71f8.svg]
[discord.com/assets/e415725e0e3a87fb.svg]
[discord.com/assets/9a5413553cab204a.svg]
[discord.com/assets/ba865ff6773d1876.svg]
[discord.com/assets/0b87743361cfb797.svg]
[discord.com/assets/a500e0b04a325513.svg]
[discord.com/assets/04e197da860c981f.svg]
[discord.com/assets/eb22e43f6f710d3b.svg]
[discord.com/assets/3d961164938e62d7.svg]
[discord.com/assets/fcb798c4bf712284.svg]
[discord.com/assets/0b47f9360f12b1fa.svg]
[discord.com/assets/7e5579c4c73ca390.svg]
[discord.com/assets/224f56365db6763e.svg]
[discord.com/assets/0dbebb1dde8de002.svg]
[discord.com/assets/9bb2cc8906a18ba2.svg]
[discord.com/assets/2a5fa2783cb39764.svg]
[discord.com/assets/637bf6beddb5589b.svg]
[discord.com/assets/ce90dd2b5978b623.svg]
[discord.com/assets/3f80791089be55d4.svg]
[discord.com/assets/160f818e8dc66a17.svg]
[discord.com/assets/3de97fb87787f20b.svg]
[discord.com/assets/824341c879ac6d59.svg]
[discord.com/assets/24de41d4bd8ef584.svg]
[discord.com/assets/1566a4fd747aba18.svg]
[discord.com/assets/e8bf9bea0d018670.svg]
[discord.com/assets/e8efae14b14ee8dd.svg]
[discord.com/assets/dcebba6e03f7a1f8.svg]
[discord.com/assets/3ec57733d5de83bd.svg]
[discord.com/assets/49f0d07c4a5edf19.svg]
[discord.com/assets/886d17f4a179ce9a.svg]
[discord.com/assets/9e62f4a1513dbf78.svg]
[discord.com/assets/2a2717437ecb9409.svg]
[discord.com/assets/61a8baaebf339a2c.svg]
[discord.com/assets/983c3fd5283d32f6.svg]
[discord.com/assets/929007941f982dc3.svg]
[discord.com/assets/2d35b5c00b617a15.svg]
[discord.com/assets/7149accdcaae7d2f.svg]
[discord.com/assets/4ae102bdf144a582.svg]
[discord.com/assets/c58095d35f0201e3.svg]
[discord.com/assets/bb1e18bcf1497322.svg]
[discord.com/assets/e449e7cba36f144c.svg]
[discord.com/assets/75b4bad7b0654bd8.svg]
[discord.com/assets/9f626707af59b089.svg]
[discord.com/assets/3be3e11e2b0d8996.svg]
[discord.com/assets/b596cb9f6ccc2408.svg]
[discord.com/assets/fc8d44ec7c50ab0e.svg]
[discord.com/assets/2ce5f42c5062092f.svg]
[discord.com/assets/3b5c40ec70355fde.svg]
[discord.com/assets/3472374445e1b6b0.svg]
[discord.com/assets/f4a4e394e0c0b9f2.svg]
[discord.com/assets/d1fe91ba5e5f4702.svg]
[discord.com/assets/bb502dc7cfcbbacc.svg]
[discord.com/assets/be68608fe0247064.svg]
[discord.com/assets/38fe464a6fea7d0e.svg]
[discord.com/assets/bc689a4cf705a445.svg]
[discord.com/assets/6b1a461f35c05c7a.svg]
[discord.com/assets/f66ae7bb8510ab4f.svg]
[discord.com/assets/4ed48b8404cc8dd4.svg]
[discord.com/assets/6410595f71273140.svg]
[discord.com/assets/8fb262894795f907.svg]
[discord.com/assets/b02f7cfc8ed3b51a.svg]
[discord.com/assets/0bf989849f27d0a7.svg]
[discord.com/assets/77e059c86b79040e.svg]
[discord.com/assets/422703837071ae97.svg]
[discord.com/assets/069714e321aa543f.svg]
[discord.com/assets/f9b5479cf5959262.svg]
[discord.com/assets/4ced53d842c0ca67.svg]
